2026-04-23 11:27:13 | INFO     | [run:9a67cda6] ========================================================================
2026-04-23 11:27:13 | INFO     | [run:9a67cda6] Oracle Flashback Automation - Session Log
2026-04-23 11:27:13 | INFO     | [run:9a67cda6]   Run ID    : 9a67cda6
2026-04-23 11:27:13 | INFO     | [run:9a67cda6]   Tool vers : 2.0.0
2026-04-23 11:27:13 | INFO     | [run:9a67cda6]   Operator  : alias
2026-04-23 11:27:13 | INFO     | [run:9a67cda6]   Hostname  : Asad
2026-04-23 11:27:13 | INFO     | [run:9a67cda6]   Platform  : Windows 11
2026-04-23 11:27:13 | INFO     | [run:9a67cda6]   Python    : 3.13.1
2026-04-23 11:27:13 | INFO     | [run:9a67cda6]   Log file  : flashback_20260423_112713_9a67cda6.log
2026-04-23 11:27:13 | INFO     | [run:9a67cda6]   Started   : 2026-04-23 11:27:13
2026-04-23 11:27:13 | INFO     | [run:9a67cda6] ========================================================================
2026-04-23 11:27:41 | INFO     | [run:9a67cda6] STEP 01 | Pre-flight Validation
2026-04-23 11:27:41 | INFO     | [run:9a67cda6]         WOULD: verify configured shell (Git Bash / WSL / sh) is available.
2026-04-23 11:27:41 | INFO     | [run:9a67cda6]         WOULD: check all required script files exist and are non-empty.
2026-04-23 11:27:41 | INFO     | [run:9a67cda6]         ABORTS workflow if any check fails.
2026-04-23 11:27:41 | INFO     | [run:9a67cda6] STEP 02 | Confirmation Gates
2026-04-23 11:27:41 | INFO     | [run:9a67cda6]         Operator must confirm twice with YES dialogs before any script runs.
2026-04-23 11:27:41 | INFO     | [run:9a67cda6]         A single Cancel or NO at either gate aborts the entire workflow.
2026-04-23 11:27:41 | INFO     | [run:9a67cda6] STEP 03 | Filesystem Backup  [create_backup.sh]
2026-04-23 11:27:41 | INFO     | [run:9a67cda6]         WOULD: create timestamped tar.gz archives of application filesystems:
2026-04-23 11:27:41 | INFO     | [run:9a67cda6]                  fs_ne, fs1, fs2  →  $FLASHBACK_BACKUP_DIR/<name>_<timestamp>.tar.gz
2026-04-23 11:27:41 | INFO     | [run:9a67cda6]         WOULD: log archive sizes after completion.
2026-04-23 11:27:41 | INFO     | [run:9a67cda6]         Script exit code checked; non-zero aborts remaining steps.
2026-04-23 11:27:41 | INFO     | [run:9a67cda6] STEP 04 | Create DB Restore Point  [create_flashback_restore_point.sh]
2026-04-23 11:27:41 | INFO     | [run:9a67cda6]         WOULD: connect to Oracle CDB via sqlplus as SYSDBA.
2026-04-23 11:27:41 | INFO     | [run:9a67cda6]         WOULD: CREATE RESTORE POINT <name> GUARANTEE FLASHBACK DATABASE;
2026-04-23 11:27:41 | INFO     | [run:9a67cda6]         WOULD: connect to PDB and create the same restore point.
2026-04-23 11:27:41 | INFO     | [run:9a67cda6]         WOULD: query V$RESTORE_POINT to confirm creation.
2026-04-23 11:27:41 | INFO     | [run:9a67cda6]         Script exit code checked; non-zero marks workflow as FAILED.
2026-04-23 11:27:41 | INFO     | [run:9a67cda6] STEP 05 | Audit Log Written
2026-04-23 11:27:41 | INFO     | [run:9a67cda6]         WOULD: write timestamped run log to logs/flashback_<ts>_<run_id>.log
2026-04-23 11:27:41 | INFO     | [run:9a67cda6]         WOULD: log: operator_id, run_id, hostname, Python version, workflow, status.
2026-04-23 11:27:41 | INFO     | [run:9a67cda6] STEP 06 | Email Notification
2026-04-23 11:27:41 | INFO     | [run:9a67cda6]         WOULD: send completion email to configured to_addrs.
2026-04-23 11:27:41 | INFO     | [run:9a67cda6]         WOULD: attach log file to email.
2026-04-23 11:27:41 | INFO     | [run:9a67cda6]         Email failure is logged but does NOT fail the workflow.
2026-04-23 11:28:07 | INFO     | [run:9a67cda6] STEP 01 | Pre-flight Validation
2026-04-23 11:28:07 | INFO     | [run:9a67cda6]         WOULD: verify configured shell is available.
2026-04-23 11:28:07 | INFO     | [run:9a67cda6]         WOULD: check create_backup.sh, restore_backup.sh, flashback_to_restore_point.sh exist.
2026-04-23 11:28:07 | INFO     | [run:9a67cda6]         ABORTS workflow if any check fails.
2026-04-23 11:28:07 | INFO     | [run:9a67cda6] STEP 02 | Active Session Check
2026-04-23 11:28:07 | INFO     | [run:9a67cda6]         WOULD: query V$SESSION for non-background sessions.
2026-04-23 11:28:07 | INFO     | [run:9a67cda6]         SOA_ACTION=WARN: logs session count and continues.
2026-04-23 11:28:07 | INFO     | [run:9a67cda6]         SOA_ACTION=BLOCK: aborts if any active sessions found.
2026-04-23 11:28:07 | INFO     | [run:9a67cda6]         [demo] Uses demo/active_sessions.json as session source.
2026-04-23 11:28:07 | INFO     | [run:9a67cda6] STEP 03 | Confirmation Gates
2026-04-23 11:28:07 | INFO     | [run:9a67cda6]         Operator must confirm the restore workflow with YES dialog.
2026-04-23 11:28:07 | INFO     | [run:9a67cda6]         Operator selects restore point from list or types it manually.
2026-04-23 11:28:07 | INFO     | [run:9a67cda6]         Operator must RE-TYPE the restore point name to confirm:
2026-04-23 11:28:07 | INFO     | [run:9a67cda6]           Selected: 'FB_DEMO_20260420_0910'
2026-04-23 11:28:07 | INFO     | [run:9a67cda6]         A single mismatch or Cancel at any gate aborts the workflow.
2026-04-23 11:28:07 | INFO     | [run:9a67cda6] STEP 04 | Restore Point Selected: FB_DEMO_20260420_0910
2026-04-23 11:28:07 | INFO     | [run:9a67cda6]         Runtime variable RESTORE_POINT='FB_DEMO_20260420_0910' will be passed as $1 to:
2026-04-23 11:28:07 | INFO     | [run:9a67cda6]           restore_backup.sh
2026-04-23 11:28:07 | INFO     | [run:9a67cda6]           flashback_to_restore_point.sh
2026-04-23 11:28:07 | INFO     | [run:9a67cda6] STEP 05 | Pre-Restore Filesystem Backup  [create_backup.sh]
2026-04-23 11:28:07 | INFO     | [run:9a67cda6]         WOULD: create a safety tar.gz snapshot of fs_ne, fs1, fs2
2026-04-23 11:28:07 | INFO     | [run:9a67cda6]         before overwriting them in the restore step.
2026-04-23 11:28:07 | INFO     | [run:9a67cda6]         Script exit code checked; non-zero aborts remaining steps.
2026-04-23 11:28:07 | INFO     | [run:9a67cda6] STEP 06 | Filesystem Restore  [restore_backup.sh]
2026-04-23 11:28:07 | INFO     | [run:9a67cda6]         WOULD: extract most recent backup archives that match restore point 'FB_DEMO_20260420_0910'
2026-04-23 11:28:07 | INFO     | [run:9a67cda6]         back into their original filesystem locations.
2026-04-23 11:28:07 | INFO     | [run:9a67cda6]         Script exit code checked; non-zero aborts remaining steps.
2026-04-23 11:28:07 | INFO     | [run:9a67cda6] STEP 07 | Database Flashback  [flashback_to_restore_point.sh]
2026-04-23 11:28:07 | INFO     | [run:9a67cda6]         WOULD: ALTER PLUGGABLE DATABASE ALL CLOSE;
2026-04-23 11:28:07 | INFO     | [run:9a67cda6]         WOULD: FLASHBACK DATABASE TO RESTORE POINT 'FB_DEMO_20260420_0910';
2026-04-23 11:28:07 | INFO     | [run:9a67cda6]         WOULD: ALTER DATABASE OPEN RESETLOGS;
2026-04-23 11:28:07 | INFO     | [run:9a67cda6]         WOULD: ALTER PLUGGABLE DATABASE ALL OPEN;
2026-04-23 11:28:07 | INFO     | [run:9a67cda6]         Script exit code checked; non-zero marks workflow as FAILED.
2026-04-23 11:28:07 | INFO     | [run:9a67cda6] STEP 08 | Audit Log Written
2026-04-23 11:28:07 | INFO     | [run:9a67cda6]         WOULD: write timestamped run log to logs/flashback_<ts>_<run_id>.log
2026-04-23 11:28:07 | INFO     | [run:9a67cda6]         WOULD: log: operator_id, run_id, hostname, workflow, restore_point, status.
2026-04-23 11:28:07 | INFO     | [run:9a67cda6] STEP 09 | Email Notification
2026-04-23 11:28:07 | INFO     | [run:9a67cda6]         WOULD: send completion email to configured to_addrs.
2026-04-23 11:28:07 | INFO     | [run:9a67cda6]         WOULD: include restore_point name and final status in subject line.
2026-04-23 11:28:07 | INFO     | [run:9a67cda6]         Email failure is logged but does NOT fail the workflow.
2026-04-23 11:28:23 | INFO     | [run:9a67cda6] [run] Command: C:\Program Files\Git\bin\bash.exe E:\Task\flashback\scripts\create_backup.sh
2026-04-23 11:28:26 | INFO     | [run:9a67cda6] [run] create_backup.sh finished: exit_code=0 aborted=False timed_out=False
2026-04-23 11:28:26 | INFO     | [run:9a67cda6] [run] Command: C:\Program Files\Git\bin\bash.exe E:\Task\flashback\scripts\create_flashback_restore_point.sh
2026-04-23 11:28:29 | INFO     | [run:9a67cda6] [run] create_flashback_restore_point.sh finished: exit_code=0 aborted=False timed_out=False
2026-04-23 11:28:29 | INFO     | [run:9a67cda6] Workflow 'Create Flashback Request': SUCCESS
2026-04-23 11:28:36 | INFO     | [run:9a67cda6] [run] Command: C:\Program Files\Git\bin\bash.exe E:\Task\flashback\scripts\test_connectivity.sh
2026-04-23 11:28:36 | INFO     | [run:9a67cda6] [run] test_connectivity.sh finished: exit_code=0 aborted=False timed_out=False
2026-04-23 11:28:36 | INFO     | [run:9a67cda6] Workflow 'Test Connectivity': SUCCESS
2026-04-23 11:29:12 | INFO     | [run:9a67cda6] [run] Command: C:\Program Files\Git\bin\bash.exe E:\Task\flashback\scripts\create_backup.sh
2026-04-23 11:29:16 | INFO     | [run:9a67cda6] [run] create_backup.sh finished: exit_code=0 aborted=False timed_out=False
2026-04-23 11:29:16 | INFO     | [run:9a67cda6] [run] Command: C:\Program Files\Git\bin\bash.exe E:\Task\flashback\scripts\restore_backup.sh FB_DEMO_20260421_2315
2026-04-23 11:29:19 | INFO     | [run:9a67cda6] [run] restore_backup.sh finished: exit_code=0 aborted=False timed_out=False
2026-04-23 11:29:19 | INFO     | [run:9a67cda6] [run] Command: C:\Program Files\Git\bin\bash.exe E:\Task\flashback\scripts\flashback_to_restore_point.sh FB_DEMO_20260421_2315
2026-04-23 11:29:26 | INFO     | [run:9a67cda6] [run] flashback_to_restore_point.sh finished: exit_code=0 aborted=False timed_out=False
2026-04-23 11:29:26 | INFO     | [run:9a67cda6] Workflow 'Restore to 'FB_DEMO_20260421_2315'': SUCCESS
