2026-04-23 12:10:06 | INFO     | [run:be261ee5] ========================================================================
2026-04-23 12:10:06 | INFO     | [run:be261ee5] Oracle Flashback Automation - Session Log
2026-04-23 12:10:06 | INFO     | [run:be261ee5]   Run ID    : be261ee5
2026-04-23 12:10:06 | INFO     | [run:be261ee5]   Tool vers : 2.1.0
2026-04-23 12:10:06 | INFO     | [run:be261ee5]   Operator  : alias
2026-04-23 12:10:06 | INFO     | [run:be261ee5]   Hostname  : Asad
2026-04-23 12:10:06 | INFO     | [run:be261ee5]   Platform  : Windows 11
2026-04-23 12:10:06 | INFO     | [run:be261ee5]   Python    : 3.13.1
2026-04-23 12:10:06 | INFO     | [run:be261ee5]   Log file  : flashback_20260423_121006_be261ee5.log
2026-04-23 12:10:06 | INFO     | [run:be261ee5]   Started   : 2026-04-23 12:10:06
2026-04-23 12:10:06 | INFO     | [run:be261ee5] ========================================================================
2026-04-23 12:10:11 | INFO     | [run:be261ee5] STEP 01 | Pre-flight Validation
2026-04-23 12:10:11 | INFO     | [run:be261ee5]         WOULD: verify configured shell (Git Bash / WSL / sh) is available.
2026-04-23 12:10:11 | INFO     | [run:be261ee5]         WOULD: check all required script files exist and are non-empty.
2026-04-23 12:10:11 | INFO     | [run:be261ee5]         ABORTS workflow if any check fails.
2026-04-23 12:10:11 | INFO     | [run:be261ee5] STEP 02 | Confirmation Gates
2026-04-23 12:10:11 | INFO     | [run:be261ee5]         Operator confirms with Yes/No dialog (describes all scripts that will run).
2026-04-23 12:10:11 | INFO     | [run:be261ee5]         Operator must then type 'YES' in a text input to proceed.
2026-04-23 12:10:11 | INFO     | [run:be261ee5]         Any Cancel or wrong input aborts the entire workflow.
2026-04-23 12:10:11 | INFO     | [run:be261ee5] STEP 03 | Filesystem Backup  [create_backup.sh]
2026-04-23 12:10:11 | INFO     | [run:be261ee5]         WOULD: cd to $FLASHBACK_APP_BASE_DIR (e.g. /db8000/app/oracle/r122rxest01)
2026-04-23 12:10:11 | INFO     | [run:be261ee5]         WOULD: launch 3 tar jobs simultaneously in parallel:
2026-04-23 12:10:11 | INFO     | [run:be261ee5]           nohup tar -cvf /iriscommon/backups/tars/RXEST01_fs_ne_backup_DDMMMYY.tar  fs_ne &
2026-04-23 12:10:11 | INFO     | [run:be261ee5]           nohup tar -cvf /iriscommon/backups/tars/RXEST01_fs1_Patch_backup_DDMMMYY.tar fs1 &
2026-04-23 12:10:11 | INFO     | [run:be261ee5]           nohup tar -cvf /iriscommon/backups/tars/RXEST01_fs2_Run_backup_DDMMMYY.tar  fs2 &
2026-04-23 12:10:11 | INFO     | [run:be261ee5]         WOULD: wait for all 3 to complete and check exit codes.
2026-04-23 12:10:11 | INFO     | [run:be261ee5]         No compression (.tar not .tar.gz) — large EBS filesystems.
2026-04-23 12:10:11 | INFO     | [run:be261ee5]         Script exit code checked; non-zero aborts remaining steps.
2026-04-23 12:10:11 | INFO     | [run:be261ee5] STEP 04 | Create DB Restore Points  [create_flashback_restore_point.sh]
2026-04-23 12:10:11 | INFO     | [run:be261ee5]         WOULD: source Oracle env file: . ./rxecst01.sh
2026-04-23 12:10:11 | INFO     | [run:be261ee5]         WOULD: connect: sqlplus / as sysdba  (OS authentication)
2026-04-23 12:10:11 | INFO     | [run:be261ee5]         WOULD: pre-check: ARCHIVELOG mode + Flashback Database = YES
2026-04-23 12:10:11 | INFO     | [run:be261ee5]         WOULD: CREATE RESTORE POINT "RXEST01_CDB_flashback_restore_DDMMMYY" GUARANTEE FLASHBACK DATABASE;
2026-04-23 12:10:11 | INFO     | [run:be261ee5]         WOULD: ALTER SESSION SET CONTAINER=RXEST01;
2026-04-23 12:10:11 | INFO     | [run:be261ee5]         WOULD: CREATE RESTORE POINT "RXEST01_PDB_flashback_restore_DDMMMYY" GUARANTEE FLASHBACK DATABASE;
2026-04-23 12:10:11 | INFO     | [run:be261ee5]         WOULD: ALTER SESSION SET CONTAINER=CDB$ROOT;
2026-04-23 12:10:11 | INFO     | [run:be261ee5]         WOULD: SELECT NAME, TIME, GUARANTEE_FLASHBACK_DATABASE, STORAGE_SIZE,
2026-04-23 12:10:11 | INFO     | [run:be261ee5]                        PDB_RESTORE_POINT, CON_ID FROM V$RESTORE_POINT ORDER BY TIME;
2026-04-23 12:10:11 | INFO     | [run:be261ee5]         Script exit code checked; non-zero marks workflow as FAILED.
2026-04-23 12:10:11 | INFO     | [run:be261ee5] STEP 05 | Audit Log Written
2026-04-23 12:10:11 | INFO     | [run:be261ee5]         WOULD: write timestamped run log to logs/flashback_<ts>_<run_id>.log
2026-04-23 12:10:11 | INFO     | [run:be261ee5]         WOULD: log: operator_id, run_id, hostname, Python version, workflow, status.
2026-04-23 12:10:11 | INFO     | [run:be261ee5] STEP 06 | Email Notification
2026-04-23 12:10:11 | INFO     | [run:be261ee5]         WOULD: send completion email to configured to_addrs.
2026-04-23 12:10:11 | INFO     | [run:be261ee5]         WOULD: attach session log file to email.
2026-04-23 12:10:11 | INFO     | [run:be261ee5]         Email failure is logged but does NOT fail the workflow.
2026-04-23 12:10:47 | INFO     | [run:be261ee5] STEP 01 | Pre-flight Validation
2026-04-23 12:10:47 | INFO     | [run:be261ee5]         WOULD: verify configured shell is available.
2026-04-23 12:10:47 | INFO     | [run:be261ee5]         WOULD: check shutdown_app_services.sh, create_backup.sh,
2026-04-23 12:10:47 | INFO     | [run:be261ee5]                restore_backup.sh, flashback_to_restore_point.sh exist.
2026-04-23 12:10:47 | INFO     | [run:be261ee5]         ABORTS workflow if any check fails.
2026-04-23 12:10:47 | INFO     | [run:be261ee5] STEP 02 | Confirmation Gate
2026-04-23 12:10:47 | INFO     | [run:be261ee5]         Operator confirms with Yes/No dialog (WARNING: ROLLS BACK the database).
2026-04-23 12:10:47 | INFO     | [run:be261ee5]         Any Cancel or No aborts the workflow immediately.
2026-04-23 12:10:47 | INFO     | [run:be261ee5] STEP 03 | SOA Session Check  (informational)
2026-04-23 12:10:47 | INFO     | [run:be261ee5]         WOULD: query V$SESSION for non-background sessions.
2026-04-23 12:10:47 | INFO     | [run:be261ee5]         WOULD: display active connections grouped by username, program, machine.
2026-04-23 12:10:47 | INFO     | [run:be261ee5]         WOULD: if SOA connections found: log WARNING and notify SOA Admins via email.
2026-04-23 12:10:47 | INFO     | [run:be261ee5]         SOA_ACTION=WARN: continues after informing (does NOT block workflow).
2026-04-23 12:10:47 | INFO     | [run:be261ee5]         SOA_ACTION=BLOCK: aborts if active sessions found.
2026-04-23 12:10:47 | INFO     | [run:be261ee5]         [demo] Uses demo/active_sessions.json as session source.
2026-04-23 12:10:47 | INFO     | [run:be261ee5] STEP 04 | Shutdown App Node Services  [shutdown_app_services.sh]
2026-04-23 12:10:47 | INFO     | [run:be261ee5]         WOULD: SSH to each application node:
2026-04-23 12:10:47 | INFO     | [run:be261ee5]                  node2, node3, node4, node5, node6, node7
2026-04-23 12:10:47 | INFO     | [run:be261ee5]         WOULD: for each node:
2026-04-23 12:10:47 | INFO     | [run:be261ee5]           1) Check if EBS services are running (FNDLIBR, Apache, opmn)
2026-04-23 12:10:47 | INFO     | [run:be261ee5]           2) Run adstpall.sh to shutdown ALL EBS services
2026-04-23 12:10:47 | INFO     | [run:be261ee5]           3) Wait 30 seconds
2026-04-23 12:10:47 | INFO     | [run:be261ee5]           4) Re-check: if processes still running -> ERROR
2026-04-23 12:10:47 | INFO     | [run:be261ee5]         WOULD: All nodes must be confirmed clean before proceeding.
2026-04-23 12:10:47 | INFO     | [run:be261ee5]         Script exit code non-zero = services did not stop = ABORT.
2026-04-23 12:10:47 | INFO     | [run:be261ee5] STEP 05 | Restore Point Selected + Confirmed: RXEST01_CDB_26MARCH2026_DATA
2026-04-23 12:10:47 | INFO     | [run:be261ee5]         Operator selected restore point from dropdown: 'RXEST01_CDB_26MARCH2026_DATA'
2026-04-23 12:10:47 | INFO     | [run:be261ee5]         Operator re-typed the name to confirm (safety gate).
2026-04-23 12:10:47 | INFO     | [run:be261ee5]         Variable RESTORE_POINT='RXEST01_CDB_26MARCH2026_DATA' passed as $1 to restore and flashback scripts.
2026-04-23 12:10:47 | INFO     | [run:be261ee5] STEP 06 | Pre-Restore Safety Backup  [create_backup.sh]
2026-04-23 12:10:47 | INFO     | [run:be261ee5]         WOULD: take a NEW backup of current filesystem state BEFORE restoring.
2026-04-23 12:10:47 | INFO     | [run:be261ee5]         This is a safety net: if the restore fails, you can recover to this state.
2026-04-23 12:10:47 | INFO     | [run:be261ee5]         Same parallel nohup tar approach as the Create workflow.
2026-04-23 12:10:47 | INFO     | [run:be261ee5]         Script exit code checked; non-zero aborts remaining steps.
2026-04-23 12:10:47 | INFO     | [run:be261ee5] STEP 07 | Filesystem Restore  [restore_backup.sh]
2026-04-23 12:10:47 | INFO     | [run:be261ee5]         WOULD: find most recent archive matching:
2026-04-23 12:10:47 | INFO     | [run:be261ee5]           /iriscommon/backups/tars/RXEST01_fs_ne_backup_*.tar
2026-04-23 12:10:47 | INFO     | [run:be261ee5]           /iriscommon/backups/tars/RXEST01_fs1_Patch_backup_*.tar
2026-04-23 12:10:47 | INFO     | [run:be261ee5]           /iriscommon/backups/tars/RXEST01_fs2_Run_backup_*.tar
2026-04-23 12:10:47 | INFO     | [run:be261ee5]         WOULD: cd $APP_BASE_DIR && tar -xvf <archive>
2026-04-23 12:10:47 | INFO     | [run:be261ee5]         Runs sequentially (one filesystem at a time for reliability).
2026-04-23 12:10:47 | INFO     | [run:be261ee5]         Script exit code checked; non-zero aborts remaining steps.
2026-04-23 12:10:47 | INFO     | [run:be261ee5] STEP 08 | Database Flashback  [flashback_to_restore_point.sh]
2026-04-23 12:10:47 | INFO     | [run:be261ee5]         WOULD: connect: sqlplus / as sysdba
2026-04-23 12:10:47 | INFO     | [run:be261ee5]         WOULD: verify 'RXEST01_CDB_26MARCH2026_DATA' exists in V$RESTORE_POINT with GUARANTEE=YES
2026-04-23 12:10:47 | INFO     | [run:be261ee5]         WOULD: ALTER PLUGGABLE DATABASE ALL CLOSE IMMEDIATE;
2026-04-23 12:10:47 | INFO     | [run:be261ee5]         WOULD: FLASHBACK DATABASE TO RESTORE POINT "RXEST01_CDB_26MARCH2026_DATA";
2026-04-23 12:10:47 | INFO     | [run:be261ee5]         WOULD: ALTER DATABASE OPEN RESETLOGS;
2026-04-23 12:10:47 | INFO     | [run:be261ee5]         WOULD: ALTER PLUGGABLE DATABASE ALL OPEN;
2026-04-23 12:10:47 | INFO     | [run:be261ee5]         WOULD: SELECT NAME, TIME, GUA, STORAGE_SIZE, PDB, CON_ID
2026-04-23 12:10:47 | INFO     | [run:be261ee5]                FROM V$RESTORE_POINT ORDER BY TIME;  (final verification)
2026-04-23 12:10:47 | INFO     | [run:be261ee5]         Script exit code checked; non-zero marks workflow as FAILED.
2026-04-23 12:10:47 | INFO     | [run:be261ee5] STEP 09 | Audit Log Written
2026-04-23 12:10:47 | INFO     | [run:be261ee5]         WOULD: write timestamped run log to logs/flashback_<ts>_<run_id>.log
2026-04-23 12:10:47 | INFO     | [run:be261ee5]         WOULD: log: operator_id, run_id, restore_point, hostname, status.
2026-04-23 12:10:47 | INFO     | [run:be261ee5] STEP 10 | Email Notification
2026-04-23 12:10:47 | INFO     | [run:be261ee5]         WOULD: send completion email to configured to_addrs.
2026-04-23 12:10:47 | INFO     | [run:be261ee5]         WOULD: include restore_point name and final status in subject line.
2026-04-23 12:10:47 | INFO     | [run:be261ee5]         WOULD: attach session log file for team reference.
2026-04-23 12:10:47 | INFO     | [run:be261ee5]         Email failure is logged but does NOT fail the workflow.
2026-04-23 12:10:52 | INFO     | [run:be261ee5] [run] Command: C:\Program Files\Git\bin\bash.exe E:\Task\flashback\scripts\test_connectivity.sh
2026-04-23 12:10:53 | INFO     | [run:be261ee5] [run] test_connectivity.sh finished: exit_code=0 aborted=False timed_out=False
2026-04-23 12:10:53 | INFO     | [run:be261ee5] Workflow 'Test Connectivity': SUCCESS
2026-04-23 12:11:24 | INFO     | [run:be261ee5] [run] Command: C:\Program Files\Git\bin\bash.exe E:\Task\flashback\scripts\create_backup.sh
2026-04-23 12:11:29 | INFO     | [run:be261ee5] [run] create_backup.sh finished: exit_code=0 aborted=False timed_out=False
2026-04-23 12:11:29 | INFO     | [run:be261ee5] [run] Command: C:\Program Files\Git\bin\bash.exe E:\Task\flashback\scripts\create_flashback_restore_point.sh
2026-04-23 12:11:33 | INFO     | [run:be261ee5] [run] create_flashback_restore_point.sh finished: exit_code=0 aborted=False timed_out=False
2026-04-23 12:11:33 | INFO     | [run:be261ee5] Workflow 'Create Flashback Request': SUCCESS
