2026-04-22 14:24:02,951 | INFO | Logging started: E:\Task\flashback_phase1\logs\flashback_20260422_142402.log
2026-04-22 14:24:22,237 | INFO | STEP 01 | Menu Display
2026-04-22 14:24:22,238 | INFO |         Workflow: Create Flashback Request
2026-04-22 14:24:22,239 | INFO | STEP 02 | Confirmation Gate
2026-04-22 14:24:22,240 | INFO |         Dual YES confirmations enforced (dry-run).
2026-04-22 14:24:22,241 | INFO | STEP 03 | Pre-Validation
2026-04-22 14:24:22,242 | INFO |         WOULD: test SSH connectivity to all nodes.
2026-04-22 14:24:22,242 | INFO |         WOULD: test Oracle DB connectivity.
2026-04-22 14:24:22,243 | INFO | STEP 04 | Show Restore Points
2026-04-22 14:24:22,244 | INFO |         WOULD: query V$RESTORE_POINT and display NAME/TIME/GUARANTEED.
2026-04-22 14:24:22,249 | INFO | STEP 05 | Session Check
2026-04-22 14:24:22,250 | INFO |         WOULD: query V$SESSION for active sessions (SOA_ACTION driven).
2026-04-22 14:24:22,251 | INFO | STEP 06 | Stop App Services
2026-04-22 14:24:22,252 | INFO |         WOULD: SSH to each app node and execute stop commands + verify processes.
2026-04-22 14:24:22,253 | INFO | STEP 07 | Filesystem Backup
2026-04-22 14:24:22,253 | INFO |         WOULD: start nohup tar backups for fs_ne/fs1/fs2 with timestamped filenames.
2026-04-22 14:24:22,254 | INFO | STEP 08 | DB Operation
2026-04-22 14:24:22,255 | INFO |         WOULD: CREATE RESTORE POINT ... GUARANTEE FLASHBACK DATABASE (CDB then PDB).
2026-04-22 14:24:22,256 | INFO | STEP 09 | Logging
2026-04-22 14:24:22,258 | INFO |         WOULD: tee all command output into a persistent log file.
2026-04-22 14:24:22,259 | INFO | STEP 10 | Email Notification
2026-04-22 14:24:22,260 | INFO |         WOULD: send execution report email + attach log (if configured).
