2026-04-22 14:06:27,831 | INFO | Logging started: E:\Task\flashback_phase1\logs\flashback_20260422_140627.log
2026-04-22 14:07:10,248 | INFO | STEP 01 | Menu Display
2026-04-22 14:07:10,249 | INFO |         Workflow: Restore using Flashback GRP
2026-04-22 14:07:10,251 | INFO | STEP 02 | Confirmation Gate
2026-04-22 14:07:10,251 | INFO |         Dual YES confirmations + re-type restore point (dry-run).
2026-04-22 14:07:10,252 | INFO | STEP 03 | Pre-Validation
2026-04-22 14:07:10,253 | INFO |         WOULD: test SSH connectivity to all nodes.
2026-04-22 14:07:10,253 | INFO |         WOULD: test Oracle DB connectivity.
2026-04-22 14:07:10,254 | INFO | STEP 04 | Show Restore Points
2026-04-22 14:07:10,256 | INFO |         WOULD: query V$RESTORE_POINT and display NAME/TIME/GUARANTEED.
2026-04-22 14:07:10,256 | INFO | STEP 05 | Input + Re-display
2026-04-22 14:07:10,259 | INFO |         Restore point stored as runtime variable: FB_DEMO_20260421_2315
2026-04-22 14:07:10,261 | INFO | STEP 06 | Session Check
2026-04-22 14:07:10,262 | INFO |         WOULD: query V$SESSION for active sessions (SOA_ACTION driven).
2026-04-22 14:07:10,263 | INFO | STEP 07 | Stop App Services
2026-04-22 14:07:10,265 | INFO |         WOULD: SSH to each app node and execute stop commands + verify processes.
2026-04-22 14:07:10,267 | INFO | STEP 08 | Filesystem Backup
2026-04-22 14:07:10,268 | INFO |         WOULD: start nohup tar backups for fs_ne/fs1/fs2 with timestamped filenames.
2026-04-22 14:07:10,269 | INFO | STEP 09 | DB Operation
2026-04-22 14:07:10,270 | INFO |         WOULD: FLASHBACK DATABASE TO RESTORE POINT FB_DEMO_20260421_2315;
2026-04-22 14:07:10,271 | INFO | STEP 10 | Logging
2026-04-22 14:07:10,272 | INFO |         WOULD: tee all command output into a persistent log file.
2026-04-22 14:07:10,274 | INFO | STEP 11 | Email Notification
2026-04-22 14:07:10,276 | INFO |         WOULD: send execution report email + attach log (if configured).
2026-04-22 14:07:26,503 | INFO | STEP 01 | Menu Display
2026-04-22 14:07:26,504 | INFO |         Workflow: Create Flashback Request
2026-04-22 14:07:26,505 | INFO | STEP 02 | Confirmation Gate
2026-04-22 14:07:26,507 | INFO |         Dual YES confirmations enforced (dry-run).
2026-04-22 14:07:26,508 | INFO | STEP 03 | Pre-Validation
2026-04-22 14:07:26,509 | INFO |         WOULD: test SSH connectivity to all nodes.
2026-04-22 14:07:26,510 | INFO |         WOULD: test Oracle DB connectivity.
2026-04-22 14:07:26,512 | INFO | STEP 04 | Show Restore Points
2026-04-22 14:07:26,513 | INFO |         WOULD: query V$RESTORE_POINT and display NAME/TIME/GUARANTEED.
2026-04-22 14:07:26,515 | INFO | STEP 05 | Session Check
2026-04-22 14:07:26,517 | INFO |         WOULD: query V$SESSION for active sessions (SOA_ACTION driven).
2026-04-22 14:07:26,519 | INFO | STEP 06 | Stop App Services
2026-04-22 14:07:26,520 | INFO |         WOULD: SSH to each app node and execute stop commands + verify processes.
2026-04-22 14:07:26,521 | INFO | STEP 07 | Filesystem Backup
2026-04-22 14:07:26,523 | INFO |         WOULD: start nohup tar backups for fs_ne/fs1/fs2 with timestamped filenames.
2026-04-22 14:07:26,524 | INFO | STEP 08 | DB Operation
2026-04-22 14:07:26,526 | INFO |         WOULD: CREATE RESTORE POINT ... GUARANTEE FLASHBACK DATABASE (CDB then PDB).
2026-04-22 14:07:26,528 | INFO | STEP 09 | Logging
2026-04-22 14:07:26,531 | INFO |         WOULD: tee all command output into a persistent log file.
2026-04-22 14:07:26,532 | INFO | STEP 10 | Email Notification
2026-04-22 14:07:26,535 | INFO |         WOULD: send execution report email + attach log (if configured).
2026-04-22 14:08:00,056 | INFO | STEP 01 | Menu Display
2026-04-22 14:08:00,066 | INFO |         Workflow: Create Flashback Request
2026-04-22 14:08:00,069 | INFO | STEP 02 | Confirmation Gate
2026-04-22 14:08:00,086 | INFO |         Dual YES confirmations enforced (dry-run).
2026-04-22 14:08:00,088 | INFO | STEP 03 | Pre-Validation
2026-04-22 14:08:00,090 | INFO |         WOULD: test SSH connectivity to all nodes.
2026-04-22 14:08:00,092 | INFO |         WOULD: test Oracle DB connectivity.
2026-04-22 14:08:00,093 | INFO | STEP 04 | Show Restore Points
2026-04-22 14:08:00,095 | INFO |         WOULD: query V$RESTORE_POINT and display NAME/TIME/GUARANTEED.
2026-04-22 14:08:00,097 | INFO | STEP 05 | Session Check
2026-04-22 14:08:00,099 | INFO |         WOULD: query V$SESSION for active sessions (SOA_ACTION driven).
2026-04-22 14:08:00,100 | INFO | STEP 06 | Stop App Services
2026-04-22 14:08:00,102 | INFO |         WOULD: SSH to each app node and execute stop commands + verify processes.
2026-04-22 14:08:00,104 | INFO | STEP 07 | Filesystem Backup
2026-04-22 14:08:00,113 | INFO |         WOULD: start nohup tar backups for fs_ne/fs1/fs2 with timestamped filenames.
2026-04-22 14:08:00,117 | INFO | STEP 08 | DB Operation
2026-04-22 14:08:00,118 | INFO |         WOULD: CREATE RESTORE POINT ... GUARANTEE FLASHBACK DATABASE (CDB then PDB).
2026-04-22 14:08:00,120 | INFO | STEP 09 | Logging
2026-04-22 14:08:00,122 | INFO |         WOULD: tee all command output into a persistent log file.
2026-04-22 14:08:00,123 | INFO | STEP 10 | Email Notification
2026-04-22 14:08:00,126 | INFO |         WOULD: send execution report email + attach log (if configured).
2026-04-22 14:08:33,407 | INFO | STEP 01 | Menu Display
2026-04-22 14:08:33,408 | INFO |         Workflow: Restore using Flashback GRP
2026-04-22 14:08:33,409 | INFO | STEP 02 | Confirmation Gate
2026-04-22 14:08:33,411 | INFO |         Dual YES confirmations + re-type restore point (dry-run).
2026-04-22 14:08:33,412 | INFO | STEP 03 | Pre-Validation
2026-04-22 14:08:33,414 | INFO |         WOULD: test SSH connectivity to all nodes.
2026-04-22 14:08:33,416 | INFO |         WOULD: test Oracle DB connectivity.
2026-04-22 14:08:33,418 | INFO | STEP 04 | Show Restore Points
2026-04-22 14:08:33,419 | INFO |         WOULD: query V$RESTORE_POINT and display NAME/TIME/GUARANTEED.
2026-04-22 14:08:33,421 | INFO | STEP 05 | Input + Re-display
2026-04-22 14:08:33,423 | INFO |         Restore point stored as runtime variable: FB_DEMO_20260422_1200
2026-04-22 14:08:33,425 | INFO | STEP 06 | Session Check
2026-04-22 14:08:33,426 | INFO |         WOULD: query V$SESSION for active sessions (SOA_ACTION driven).
2026-04-22 14:08:33,428 | INFO | STEP 07 | Stop App Services
2026-04-22 14:08:33,430 | INFO |         WOULD: SSH to each app node and execute stop commands + verify processes.
2026-04-22 14:08:33,432 | INFO | STEP 08 | Filesystem Backup
2026-04-22 14:08:33,434 | INFO |         WOULD: start nohup tar backups for fs_ne/fs1/fs2 with timestamped filenames.
2026-04-22 14:08:33,436 | INFO | STEP 09 | DB Operation
2026-04-22 14:08:33,438 | INFO |         WOULD: FLASHBACK DATABASE TO RESTORE POINT FB_DEMO_20260422_1200;
2026-04-22 14:08:33,440 | INFO | STEP 10 | Logging
2026-04-22 14:08:33,441 | INFO |         WOULD: tee all command output into a persistent log file.
2026-04-22 14:08:33,442 | INFO | STEP 11 | Email Notification
2026-04-22 14:08:33,444 | INFO |         WOULD: send execution report email + attach log (if configured).
