2026-04-23 11:22:29 | INFO     | [run:baa6b185] ========================================================================
2026-04-23 11:22:29 | INFO     | [run:baa6b185] Oracle Flashback Automation - Session Log
2026-04-23 11:22:29 | INFO     | [run:baa6b185]   Run ID    : baa6b185
2026-04-23 11:22:29 | INFO     | [run:baa6b185]   Tool vers : 2.0.0
2026-04-23 11:22:29 | INFO     | [run:baa6b185]   Operator  : alias
2026-04-23 11:22:29 | INFO     | [run:baa6b185]   Hostname  : Asad
2026-04-23 11:22:29 | INFO     | [run:baa6b185]   Platform  : Windows 11
2026-04-23 11:22:29 | INFO     | [run:baa6b185]   Python    : 3.13.1
2026-04-23 11:22:29 | INFO     | [run:baa6b185]   Log file  : flashback_20260423_112229_baa6b185.log
2026-04-23 11:22:29 | INFO     | [run:baa6b185]   Started   : 2026-04-23 11:22:29
2026-04-23 11:22:29 | INFO     | [run:baa6b185] ========================================================================
2026-04-23 11:22:39 | INFO     | [run:baa6b185] [run] Command: C:\Program Files\Git\bin\bash.exe E:\Task\flashback\scripts\create_backup.sh
2026-04-23 11:22:42 | INFO     | [run:baa6b185] [run] create_backup.sh finished: exit_code=0 aborted=False timed_out=False
2026-04-23 11:22:42 | INFO     | [run:baa6b185] [run] Command: C:\Program Files\Git\bin\bash.exe E:\Task\flashback\scripts\create_flashback_restore_point.sh
2026-04-23 11:22:45 | INFO     | [run:baa6b185] [run] create_flashback_restore_point.sh finished: exit_code=0 aborted=False timed_out=False
2026-04-23 11:22:45 | INFO     | [run:baa6b185] Workflow 'Create Flashback Request': SUCCESS
2026-04-23 11:23:24 | INFO     | [run:baa6b185] [run] Command: C:\Program Files\Git\bin\bash.exe E:\Task\flashback\scripts\create_backup.sh
2026-04-23 11:23:27 | INFO     | [run:baa6b185] [run] create_backup.sh finished: exit_code=0 aborted=False timed_out=False
2026-04-23 11:23:27 | INFO     | [run:baa6b185] [run] Command: C:\Program Files\Git\bin\bash.exe E:\Task\flashback\scripts\restore_backup.sh FB_DEMO_20260421_2315
2026-04-23 11:23:31 | INFO     | [run:baa6b185] [run] restore_backup.sh finished: exit_code=0 aborted=False timed_out=False
2026-04-23 11:23:31 | INFO     | [run:baa6b185] [run] Command: C:\Program Files\Git\bin\bash.exe E:\Task\flashback\scripts\flashback_to_restore_point.sh FB_DEMO_20260421_2315
2026-04-23 11:23:37 | INFO     | [run:baa6b185] [run] flashback_to_restore_point.sh finished: exit_code=0 aborted=False timed_out=False
2026-04-23 11:23:37 | INFO     | [run:baa6b185] Workflow 'Restore to 'FB_DEMO_20260421_2315'': SUCCESS
2026-04-23 11:23:42 | INFO     | [run:baa6b185] [run] Command: C:\Program Files\Git\bin\bash.exe E:\Task\flashback\scripts\test_connectivity.sh
2026-04-23 11:23:42 | INFO     | [run:baa6b185] [run] test_connectivity.sh finished: exit_code=0 aborted=False timed_out=False
2026-04-23 11:23:42 | INFO     | [run:baa6b185] Workflow 'Test Connectivity': SUCCESS
2026-04-23 11:24:06 | INFO     | [run:baa6b185] STEP 01 | Pre-flight Validation
2026-04-23 11:24:06 | INFO     | [run:baa6b185]         WOULD: verify configured shell is available.
2026-04-23 11:24:06 | INFO     | [run:baa6b185]         WOULD: check create_backup.sh, restore_backup.sh, flashback_to_restore_point.sh exist.
2026-04-23 11:24:06 | INFO     | [run:baa6b185]         ABORTS workflow if any check fails.
2026-04-23 11:24:06 | INFO     | [run:baa6b185] STEP 02 | Active Session Check
2026-04-23 11:24:06 | INFO     | [run:baa6b185]         WOULD: query V$SESSION for non-background sessions.
2026-04-23 11:24:06 | INFO     | [run:baa6b185]         SOA_ACTION=WARN: logs session count and continues.
2026-04-23 11:24:06 | INFO     | [run:baa6b185]         SOA_ACTION=BLOCK: aborts if any active sessions found.
2026-04-23 11:24:06 | INFO     | [run:baa6b185]         [demo] Uses demo/active_sessions.json as session source.
2026-04-23 11:24:06 | INFO     | [run:baa6b185] STEP 03 | Confirmation Gates
2026-04-23 11:24:06 | INFO     | [run:baa6b185]         Operator must confirm the restore workflow with YES dialog.
2026-04-23 11:24:06 | INFO     | [run:baa6b185]         Operator selects restore point from list or types it manually.
2026-04-23 11:24:06 | INFO     | [run:baa6b185]         Operator must RE-TYPE the restore point name to confirm:
2026-04-23 11:24:06 | INFO     | [run:baa6b185]           Selected: 'FB_DEMO_20260421_2315'
2026-04-23 11:24:06 | INFO     | [run:baa6b185]         A single mismatch or Cancel at any gate aborts the workflow.
2026-04-23 11:24:06 | INFO     | [run:baa6b185] STEP 04 | Restore Point Selected: FB_DEMO_20260421_2315
2026-04-23 11:24:06 | INFO     | [run:baa6b185]         Runtime variable RESTORE_POINT='FB_DEMO_20260421_2315' will be passed as $1 to:
2026-04-23 11:24:06 | INFO     | [run:baa6b185]           restore_backup.sh
2026-04-23 11:24:06 | INFO     | [run:baa6b185]           flashback_to_restore_point.sh
2026-04-23 11:24:06 | INFO     | [run:baa6b185] STEP 05 | Pre-Restore Filesystem Backup  [create_backup.sh]
2026-04-23 11:24:06 | INFO     | [run:baa6b185]         WOULD: create a safety tar.gz snapshot of fs_ne, fs1, fs2
2026-04-23 11:24:06 | INFO     | [run:baa6b185]         before overwriting them in the restore step.
2026-04-23 11:24:06 | INFO     | [run:baa6b185]         Script exit code checked; non-zero aborts remaining steps.
2026-04-23 11:24:06 | INFO     | [run:baa6b185] STEP 06 | Filesystem Restore  [restore_backup.sh]
2026-04-23 11:24:06 | INFO     | [run:baa6b185]         WOULD: extract most recent backup archives that match restore point 'FB_DEMO_20260421_2315'
2026-04-23 11:24:06 | INFO     | [run:baa6b185]         back into their original filesystem locations.
2026-04-23 11:24:06 | INFO     | [run:baa6b185]         Script exit code checked; non-zero aborts remaining steps.
2026-04-23 11:24:06 | INFO     | [run:baa6b185] STEP 07 | Database Flashback  [flashback_to_restore_point.sh]
2026-04-23 11:24:06 | INFO     | [run:baa6b185]         WOULD: ALTER PLUGGABLE DATABASE ALL CLOSE;
2026-04-23 11:24:06 | INFO     | [run:baa6b185]         WOULD: FLASHBACK DATABASE TO RESTORE POINT 'FB_DEMO_20260421_2315';
2026-04-23 11:24:06 | INFO     | [run:baa6b185]         WOULD: ALTER DATABASE OPEN RESETLOGS;
2026-04-23 11:24:06 | INFO     | [run:baa6b185]         WOULD: ALTER PLUGGABLE DATABASE ALL OPEN;
2026-04-23 11:24:06 | INFO     | [run:baa6b185]         Script exit code checked; non-zero marks workflow as FAILED.
2026-04-23 11:24:06 | INFO     | [run:baa6b185] STEP 08 | Audit Log Written
2026-04-23 11:24:06 | INFO     | [run:baa6b185]         WOULD: write timestamped run log to logs/flashback_<ts>_<run_id>.log
2026-04-23 11:24:06 | INFO     | [run:baa6b185]         WOULD: log: operator_id, run_id, hostname, workflow, restore_point, status.
2026-04-23 11:24:06 | INFO     | [run:baa6b185] STEP 09 | Email Notification
2026-04-23 11:24:06 | INFO     | [run:baa6b185]         WOULD: send completion email to configured to_addrs.
2026-04-23 11:24:06 | INFO     | [run:baa6b185]         WOULD: include restore_point name and final status in subject line.
2026-04-23 11:24:06 | INFO     | [run:baa6b185]         Email failure is logged but does NOT fail the workflow.
