2026-04-23 09:58:35 | INFO     | [run:5097ac30] ========================================================================
2026-04-23 09:58:35 | INFO     | [run:5097ac30] Oracle Flashback Automation — Session Log
2026-04-23 09:58:35 | INFO     | [run:5097ac30]   Run ID    : 5097ac30
2026-04-23 09:58:35 | INFO     | [run:5097ac30]   Tool vers : 2.0.0
2026-04-23 09:58:35 | INFO     | [run:5097ac30]   Operator  : alias
2026-04-23 09:58:35 | INFO     | [run:5097ac30]   Hostname  : Asad
2026-04-23 09:58:36 | INFO     | [run:5097ac30]   Platform  : Windows 11
2026-04-23 09:58:36 | INFO     | [run:5097ac30]   Python    : 3.13.1
2026-04-23 09:58:36 | INFO     | [run:5097ac30]   Log file  : flashback_20260423_095835_5097ac30.log
2026-04-23 09:58:36 | INFO     | [run:5097ac30]   Started   : 2026-04-23 09:58:36
2026-04-23 09:58:36 | INFO     | [run:5097ac30] ========================================================================
2026-04-23 09:58:36 | INFO     | [run:5097ac30] STEP 01 | Pre-flight Validation
2026-04-23 09:58:36 | INFO     | [run:5097ac30]         WOULD: verify configured shell (Git Bash / WSL / sh) is available.
2026-04-23 09:58:36 | INFO     | [run:5097ac30]         WOULD: check all required script files exist and are non-empty.
2026-04-23 09:58:36 | INFO     | [run:5097ac30]         ABORTS workflow if any check fails.
2026-04-23 09:58:36 | INFO     | [run:5097ac30] STEP 02 | Confirmation Gates
2026-04-23 09:58:36 | INFO     | [run:5097ac30]         Operator must confirm twice with YES dialogs before any script runs.
2026-04-23 09:58:36 | INFO     | [run:5097ac30]         A single Cancel or NO at either gate aborts the entire workflow.
2026-04-23 09:58:36 | INFO     | [run:5097ac30] STEP 03 | Filesystem Backup  [create_backup.sh]
2026-04-23 09:58:36 | INFO     | [run:5097ac30]         WOULD: create timestamped tar.gz archives of application filesystems:
2026-04-23 09:58:36 | INFO     | [run:5097ac30]                  fs_ne, fs1, fs2  →  $FLASHBACK_BACKUP_DIR/<name>_<timestamp>.tar.gz
2026-04-23 09:58:36 | INFO     | [run:5097ac30]         WOULD: log archive sizes after completion.
2026-04-23 09:58:36 | INFO     | [run:5097ac30]         Script exit code checked; non-zero aborts remaining steps.
2026-04-23 09:58:36 | INFO     | [run:5097ac30] STEP 04 | Create DB Restore Point  [create_flashback_restore_point.sh]
2026-04-23 09:58:36 | INFO     | [run:5097ac30]         WOULD: connect to Oracle CDB via sqlplus as SYSDBA.
2026-04-23 09:58:36 | INFO     | [run:5097ac30]         WOULD: CREATE RESTORE POINT <name> GUARANTEE FLASHBACK DATABASE;
2026-04-23 09:58:36 | INFO     | [run:5097ac30]         WOULD: connect to PDB and create the same restore point.
2026-04-23 09:58:36 | INFO     | [run:5097ac30]         WOULD: query V$RESTORE_POINT to confirm creation.
2026-04-23 09:58:36 | INFO     | [run:5097ac30]         Script exit code checked; non-zero marks workflow as FAILED.
2026-04-23 09:58:36 | INFO     | [run:5097ac30] STEP 05 | Audit Log Written
2026-04-23 09:58:36 | INFO     | [run:5097ac30]         WOULD: write timestamped run log to logs/flashback_<ts>_<run_id>.log
2026-04-23 09:58:36 | INFO     | [run:5097ac30]         WOULD: log: operator_id, run_id, hostname, Python version, workflow, status.
2026-04-23 09:58:36 | INFO     | [run:5097ac30] STEP 06 | Email Notification
2026-04-23 09:58:36 | INFO     | [run:5097ac30]         WOULD: send completion email to configured to_addrs.
2026-04-23 09:58:36 | INFO     | [run:5097ac30]         WOULD: attach log file to email.
2026-04-23 09:58:36 | INFO     | [run:5097ac30]         Email failure is logged but does NOT fail the workflow.
2026-04-23 09:58:36 | INFO     | [run:5097ac30] Dry-run complete. No SSH/SQL/tar executed.
